C:\Users\LaglessLlama\Dropbox\4A00CN39-3003-pirttimaki-lauri\project-work\2017-11-23-release-2\src\Test.java
C:\Users\LaglessLlama\Dropbox\4A00CN39-3003-pirttimaki-lauri\project-work\2017-11-23-release-2\src\gengine\Controls.java
C:\Users\LaglessLlama\Dropbox\4A00CN39-3003-pirttimaki-lauri\project-work\2017-11-23-release-2\src\gengine\Direction.java
C:\Users\LaglessLlama\Dropbox\4A00CN39-3003-pirttimaki-lauri\project-work\2017-11-23-release-2\src\gengine\Game.java
C:\Users\LaglessLlama\Dropbox\4A00CN39-3003-pirttimaki-lauri\project-work\2017-11-23-release-2\src\gengine\GameManager.java
C:\Users\LaglessLlama\Dropbox\4A00CN39-3003-pirttimaki-lauri\project-work\2017-11-23-release-2\src\gengine\Utils.java
C:\Users\LaglessLlama\Dropbox\4A00CN39-3003-pirttimaki-lauri\project-work\2017-11-23-release-2\src\gengine\gameobject\Collectable.java
C:\Users\LaglessLlama\Dropbox\4A00CN39-3003-pirttimaki-lauri\project-work\2017-11-23-release-2\src\gengine\gameobject\Enemy.java
C:\Users\LaglessLlama\Dropbox\4A00CN39-3003-pirttimaki-lauri\project-work\2017-11-23-release-2\src\gengine\gameobject\GameObject.java
C:\Users\LaglessLlama\Dropbox\4A00CN39-3003-pirttimaki-lauri\project-work\2017-11-23-release-2\src\gengine\gameobject\MovableObject.java
C:\Users\LaglessLlama\Dropbox\4A00CN39-3003-pirttimaki-lauri\project-work\2017-11-23-release-2\src\gengine\gameobject\ObjectType.java
C:\Users\LaglessLlama\Dropbox\4A00CN39-3003-pirttimaki-lauri\project-work\2017-11-23-release-2\src\gengine\gameobject\Player.java
C:\Users\LaglessLlama\Dropbox\4A00CN39-3003-pirttimaki-lauri\project-work\2017-11-23-release-2\src\gengine\graphics\Sprite.java
